<!doctype html public "-//w3c//dtd html 4.0 transitional//en">
<html><head>
<title>Static Call Graph - [.\Objects\LPC1227.axf]</title></head>
<body><HR>
<H1>Static Call Graph for image .\Objects\LPC1227.axf</H1><HR>
<BR><P>#&#060CALLGRAPH&#062# ARM Linker, 6060003: Last Updated: Fri Nov 23 09:38:46 2018
<BR><P>
<H3>Maximum Stack Usage =       1136 bytes + Unknown(Cycles, Untraceable Function Pointers)</H3><H3>
Call chain for Maximum Stack Depth:</H3>
flash_program &rArr; cacuate_crc32
<P>
<H3>
Mutually Recursive functions
</H3> <LI><a href="#[1]">NMI_Handler</a>&nbsp;&nbsp;&nbsp;&rArr;&nbsp;&nbsp;&nbsp;<a href="#[1]">NMI_Handler</a><BR>
 <LI><a href="#[2]">HardFault_Handler</a>&nbsp;&nbsp;&nbsp;&rArr;&nbsp;&nbsp;&nbsp;<a href="#[2]">HardFault_Handler</a><BR>
 <LI><a href="#[3]">SVC_Handler</a>&nbsp;&nbsp;&nbsp;&rArr;&nbsp;&nbsp;&nbsp;<a href="#[3]">SVC_Handler</a><BR>
 <LI><a href="#[4]">PendSV_Handler</a>&nbsp;&nbsp;&nbsp;&rArr;&nbsp;&nbsp;&nbsp;<a href="#[4]">PendSV_Handler</a><BR>
 <LI><a href="#[5]">SysTick_Handler</a>&nbsp;&nbsp;&nbsp;&rArr;&nbsp;&nbsp;&nbsp;<a href="#[5]">SysTick_Handler</a><BR>
 <LI><a href="#[10]">ADC_IRQHandler</a>&nbsp;&nbsp;&nbsp;&rArr;&nbsp;&nbsp;&nbsp;<a href="#[10]">ADC_IRQHandler</a><BR>
</UL>
<P>
<H3>
Function Pointers
</H3><UL>
 <LI><a href="#[10]">ADC_IRQHandler</a> from startup_lpc122x.o(.text) referenced from startup_lpc122x.o(RESET)
 <LI><a href="#[12]">BOD_IRQHandler</a> from startup_lpc122x.o(.text) referenced from startup_lpc122x.o(RESET)
 <LI><a href="#[f]">COMP_IRQHandler</a> from startup_lpc122x.o(.text) referenced from startup_lpc122x.o(RESET)
 <LI><a href="#[18]">DMA_IRQHandler</a> from startup_lpc122x.o(.text) referenced from startup_lpc122x.o(RESET)
 <LI><a href="#[13]">FMC_IRQHandler</a> from startup_lpc122x.o(.text) referenced from startup_lpc122x.o(RESET)
 <LI><a href="#[2]">HardFault_Handler</a> from startup_lpc122x.o(.text) referenced from startup_lpc122x.o(RESET)
 <LI><a href="#[7]">I2C_IRQHandler</a> from startup_lpc122x.o(.text) referenced from startup_lpc122x.o(RESET)
 <LI><a href="#[1]">NMI_Handler</a> from startup_lpc122x.o(.text) referenced from startup_lpc122x.o(RESET)
 <LI><a href="#[14]">PIOINT0_IRQHandler</a> from startup_lpc122x.o(.text) referenced from startup_lpc122x.o(RESET)
 <LI><a href="#[15]">PIOINT1_IRQHandler</a> from startup_lpc122x.o(.text) referenced from startup_lpc122x.o(RESET)
 <LI><a href="#[16]">PIOINT2_IRQHandler</a> from startup_lpc122x.o(.text) referenced from startup_lpc122x.o(RESET)
 <LI><a href="#[17]">PMU_IRQHandler</a> from startup_lpc122x.o(.text) referenced from startup_lpc122x.o(RESET)
 <LI><a href="#[4]">PendSV_Handler</a> from startup_lpc122x.o(.text) referenced from startup_lpc122x.o(RESET)
 <LI><a href="#[19]">RTC_IRQHandler</a> from startup_lpc122x.o(.text) referenced from startup_lpc122x.o(RESET)
 <LI><a href="#[0]">Reset_Handler</a> from startup_lpc122x.o(.text) referenced from startup_lpc122x.o(RESET)
 <LI><a href="#[c]">SSP_IRQHandler</a> from startup_lpc122x.o(.text) referenced from startup_lpc122x.o(RESET)
 <LI><a href="#[3]">SVC_Handler</a> from startup_lpc122x.o(.text) referenced from startup_lpc122x.o(RESET)
 <LI><a href="#[5]">SysTick_Handler</a> from startup_lpc122x.o(.text) referenced from startup_lpc122x.o(RESET)
 <LI><a href="#[1b]">SystemInit</a> from system_lpc122x.o(.text.SystemInit) referenced from startup_lpc122x.o(.text)
 <LI><a href="#[8]">TIMER16_0_IRQHandler</a> from startup_lpc122x.o(.text) referenced from startup_lpc122x.o(RESET)
 <LI><a href="#[9]">TIMER16_1_IRQHandler</a> from startup_lpc122x.o(.text) referenced from startup_lpc122x.o(RESET)
 <LI><a href="#[a]">TIMER32_0_IRQHandler</a> from startup_lpc122x.o(.text) referenced from startup_lpc122x.o(RESET)
 <LI><a href="#[b]">TIMER32_1_IRQHandler</a> from startup_lpc122x.o(.text) referenced from startup_lpc122x.o(RESET)
 <LI><a href="#[d]">UART0_IRQHandler</a> from startup_lpc122x.o(.text) referenced from startup_lpc122x.o(RESET)
 <LI><a href="#[e]">UART1_IRQHandler</a> from startup_lpc122x.o(.text) referenced from startup_lpc122x.o(RESET)
 <LI><a href="#[6]">WAKEUP_IRQHandler</a> from startup_lpc122x.o(.text) referenced 12 times from startup_lpc122x.o(RESET)
 <LI><a href="#[11]">WDT_IRQHandler</a> from startup_lpc122x.o(.text) referenced from startup_lpc122x.o(RESET)
 <LI><a href="#[1c]">__main</a> from entry.o(.ARM.Collect$$$$00000000) referenced from startup_lpc122x.o(.text)
 <LI><a href="#[1e]">flash_blankcheck</a> from flash.o(.text.flash_blankcheck) referenced from flash.o(.rodata.flash_handler)
 <LI><a href="#[21]">flash_compare</a> from flash.o(.text.flash_compare) referenced from flash.o(.rodata.flash_handler)
 <LI><a href="#[1f]">flash_erase</a> from flash.o(.text.flash_erase) referenced from flash.o(.rodata.flash_handler)
 <LI><a href="#[1d]">flash_idcheck</a> from flash.o(.text.flash_idcheck) referenced from flash.o(.rodata.flash_handler)
 <LI><a href="#[20]">flash_program</a> from flash.o(.text.flash_program) referenced from flash.o(.rodata.flash_handler)
 <LI><a href="#[22]">flash_secure</a> from flash.o(.text.flash_secure) referenced from flash.o(.rodata.flash_handler)
 <LI><a href="#[1a]">main</a> from main.o(.text.main) referenced from entry9a.o(.ARM.Collect$$$$0000000B)
</UL>
<P>
<H3>
Global Symbols
</H3>
<P><STRONG><a name="[1c]"></a>__main</STRONG> (Thumb, 0 bytes, Stack size unknown bytes, entry.o(.ARM.Collect$$$$00000000))
<BR>[Address Reference Count : 1]<UL><LI> startup_lpc122x.o(.text)
</UL>
<P><STRONG><a name="[2e]"></a>_main_stk</STRONG> (Thumb, 0 bytes, Stack size unknown bytes, entry2.o(.ARM.Collect$$$$00000001))

<P><STRONG><a name="[23]"></a>_main_scatterload</STRONG> (Thumb, 0 bytes, Stack size unknown bytes, entry5.o(.ARM.Collect$$$$00000004))
<BR><BR>[Calls]<UL><LI><a href="#[24]">&gt;&gt;</a>&nbsp;&nbsp;&nbsp;__scatterload
</UL>

<P><STRONG><a name="[28]"></a>__main_after_scatterload</STRONG> (Thumb, 0 bytes, Stack size unknown bytes, entry5.o(.ARM.Collect$$$$00000004))
<BR><BR>[Called By]<UL><LI><a href="#[24]">&gt;&gt;</a>&nbsp;&nbsp;&nbsp;__scatterload
</UL>

<P><STRONG><a name="[2f]"></a>_main_clock</STRONG> (Thumb, 0 bytes, Stack size unknown bytes, entry7b.o(.ARM.Collect$$$$00000008))

<P><STRONG><a name="[30]"></a>_main_cpp_init</STRONG> (Thumb, 0 bytes, Stack size unknown bytes, entry8b.o(.ARM.Collect$$$$0000000A))

<P><STRONG><a name="[31]"></a>_main_init</STRONG> (Thumb, 0 bytes, Stack size unknown bytes, entry9a.o(.ARM.Collect$$$$0000000B))

<P><STRONG><a name="[32]"></a>__rt_final_cpp</STRONG> (Thumb, 0 bytes, Stack size unknown bytes, entry10a.o(.ARM.Collect$$$$0000000D))

<P><STRONG><a name="[33]"></a>__rt_final_exit</STRONG> (Thumb, 0 bytes, Stack size unknown bytes, entry11a.o(.ARM.Collect$$$$0000000F))

<P><STRONG><a name="[0]"></a>Reset_Handler</STRONG> (Thumb, 8 bytes, Stack size 0 bytes, startup_lpc122x.o(.text))
<BR>[Address Reference Count : 1]<UL><LI> startup_lpc122x.o(RESET)
</UL>
<P><STRONG><a name="[1]"></a>NMI_Handler</STRONG> (Thumb, 2 bytes, Stack size 0 bytes, startup_lpc122x.o(.text))
<BR><BR>[Calls]<UL><LI><a href="#[1]">&gt;&gt;</a>&nbsp;&nbsp;&nbsp;NMI_Handler
</UL>
<BR>[Called By]<UL><LI><a href="#[1]">&gt;&gt;</a>&nbsp;&nbsp;&nbsp;NMI_Handler
</UL>
<BR>[Address Reference Count : 1]<UL><LI> startup_lpc122x.o(RESET)
</UL>
<P><STRONG><a name="[2]"></a>HardFault_Handler</STRONG> (Thumb, 2 bytes, Stack size 0 bytes, startup_lpc122x.o(.text))
<BR><BR>[Calls]<UL><LI><a href="#[2]">&gt;&gt;</a>&nbsp;&nbsp;&nbsp;HardFault_Handler
</UL>
<BR>[Called By]<UL><LI><a href="#[2]">&gt;&gt;</a>&nbsp;&nbsp;&nbsp;HardFault_Handler
</UL>
<BR>[Address Reference Count : 1]<UL><LI> startup_lpc122x.o(RESET)
</UL>
<P><STRONG><a name="[3]"></a>SVC_Handler</STRONG> (Thumb, 2 bytes, Stack size 0 bytes, startup_lpc122x.o(.text))
<BR><BR>[Calls]<UL><LI><a href="#[3]">&gt;&gt;</a>&nbsp;&nbsp;&nbsp;SVC_Handler
</UL>
<BR>[Called By]<UL><LI><a href="#[3]">&gt;&gt;</a>&nbsp;&nbsp;&nbsp;SVC_Handler
</UL>
<BR>[Address Reference Count : 1]<UL><LI> startup_lpc122x.o(RESET)
</UL>
<P><STRONG><a name="[4]"></a>PendSV_Handler</STRONG> (Thumb, 2 bytes, Stack size 0 bytes, startup_lpc122x.o(.text))
<BR><BR>[Calls]<UL><LI><a href="#[4]">&gt;&gt;</a>&nbsp;&nbsp;&nbsp;PendSV_Handler
</UL>
<BR>[Called By]<UL><LI><a href="#[4]">&gt;&gt;</a>&nbsp;&nbsp;&nbsp;PendSV_Handler
</UL>
<BR>[Address Reference Count : 1]<UL><LI> startup_lpc122x.o(RESET)
</UL>
<P><STRONG><a name="[5]"></a>SysTick_Handler</STRONG> (Thumb, 2 bytes, Stack size 0 bytes, startup_lpc122x.o(.text))
<BR><BR>[Calls]<UL><LI><a href="#[5]">&gt;&gt;</a>&nbsp;&nbsp;&nbsp;SysTick_Handler
</UL>
<BR>[Called By]<UL><LI><a href="#[5]">&gt;&gt;</a>&nbsp;&nbsp;&nbsp;SysTick_Handler
</UL>
<BR>[Address Reference Count : 1]<UL><LI> startup_lpc122x.o(RESET)
</UL>
<P><STRONG><a name="[10]"></a>ADC_IRQHandler</STRONG> (Thumb, 0 bytes, Stack size 0 bytes, startup_lpc122x.o(.text))
<BR><BR>[Calls]<UL><LI><a href="#[10]">&gt;&gt;</a>&nbsp;&nbsp;&nbsp;ADC_IRQHandler
</UL>
<BR>[Called By]<UL><LI><a href="#[10]">&gt;&gt;</a>&nbsp;&nbsp;&nbsp;ADC_IRQHandler
</UL>
<BR>[Address Reference Count : 1]<UL><LI> startup_lpc122x.o(RESET)
</UL>
<P><STRONG><a name="[12]"></a>BOD_IRQHandler</STRONG> (Thumb, 0 bytes, Stack size 0 bytes, startup_lpc122x.o(.text))
<BR>[Address Reference Count : 1]<UL><LI> startup_lpc122x.o(RESET)
</UL>
<P><STRONG><a name="[f]"></a>COMP_IRQHandler</STRONG> (Thumb, 0 bytes, Stack size 0 bytes, startup_lpc122x.o(.text))
<BR>[Address Reference Count : 1]<UL><LI> startup_lpc122x.o(RESET)
</UL>
<P><STRONG><a name="[18]"></a>DMA_IRQHandler</STRONG> (Thumb, 0 bytes, Stack size 0 bytes, startup_lpc122x.o(.text))
<BR>[Address Reference Count : 1]<UL><LI> startup_lpc122x.o(RESET)
</UL>
<P><STRONG><a name="[13]"></a>FMC_IRQHandler</STRONG> (Thumb, 0 bytes, Stack size 0 bytes, startup_lpc122x.o(.text))
<BR>[Address Reference Count : 1]<UL><LI> startup_lpc122x.o(RESET)
</UL>
<P><STRONG><a name="[7]"></a>I2C_IRQHandler</STRONG> (Thumb, 0 bytes, Stack size 0 bytes, startup_lpc122x.o(.text))
<BR>[Address Reference Count : 1]<UL><LI> startup_lpc122x.o(RESET)
</UL>
<P><STRONG><a name="[14]"></a>PIOINT0_IRQHandler</STRONG> (Thumb, 0 bytes, Stack size 0 bytes, startup_lpc122x.o(.text))
<BR>[Address Reference Count : 1]<UL><LI> startup_lpc122x.o(RESET)
</UL>
<P><STRONG><a name="[15]"></a>PIOINT1_IRQHandler</STRONG> (Thumb, 0 bytes, Stack size 0 bytes, startup_lpc122x.o(.text))
<BR>[Address Reference Count : 1]<UL><LI> startup_lpc122x.o(RESET)
</UL>
<P><STRONG><a name="[16]"></a>PIOINT2_IRQHandler</STRONG> (Thumb, 0 bytes, Stack size 0 bytes, startup_lpc122x.o(.text))
<BR>[Address Reference Count : 1]<UL><LI> startup_lpc122x.o(RESET)
</UL>
<P><STRONG><a name="[17]"></a>PMU_IRQHandler</STRONG> (Thumb, 0 bytes, Stack size 0 bytes, startup_lpc122x.o(.text))
<BR>[Address Reference Count : 1]<UL><LI> startup_lpc122x.o(RESET)
</UL>
<P><STRONG><a name="[19]"></a>RTC_IRQHandler</STRONG> (Thumb, 0 bytes, Stack size 0 bytes, startup_lpc122x.o(.text))
<BR>[Address Reference Count : 1]<UL><LI> startup_lpc122x.o(RESET)
</UL>
<P><STRONG><a name="[c]"></a>SSP_IRQHandler</STRONG> (Thumb, 0 bytes, Stack size 0 bytes, startup_lpc122x.o(.text))
<BR>[Address Reference Count : 1]<UL><LI> startup_lpc122x.o(RESET)
</UL>
<P><STRONG><a name="[8]"></a>TIMER16_0_IRQHandler</STRONG> (Thumb, 0 bytes, Stack size 0 bytes, startup_lpc122x.o(.text))
<BR>[Address Reference Count : 1]<UL><LI> startup_lpc122x.o(RESET)
</UL>
<P><STRONG><a name="[9]"></a>TIMER16_1_IRQHandler</STRONG> (Thumb, 0 bytes, Stack size 0 bytes, startup_lpc122x.o(.text))
<BR>[Address Reference Count : 1]<UL><LI> startup_lpc122x.o(RESET)
</UL>
<P><STRONG><a name="[a]"></a>TIMER32_0_IRQHandler</STRONG> (Thumb, 0 bytes, Stack size 0 bytes, startup_lpc122x.o(.text))
<BR>[Address Reference Count : 1]<UL><LI> startup_lpc122x.o(RESET)
</UL>
<P><STRONG><a name="[b]"></a>TIMER32_1_IRQHandler</STRONG> (Thumb, 0 bytes, Stack size 0 bytes, startup_lpc122x.o(.text))
<BR>[Address Reference Count : 1]<UL><LI> startup_lpc122x.o(RESET)
</UL>
<P><STRONG><a name="[d]"></a>UART0_IRQHandler</STRONG> (Thumb, 0 bytes, Stack size 0 bytes, startup_lpc122x.o(.text))
<BR>[Address Reference Count : 1]<UL><LI> startup_lpc122x.o(RESET)
</UL>
<P><STRONG><a name="[e]"></a>UART1_IRQHandler</STRONG> (Thumb, 0 bytes, Stack size 0 bytes, startup_lpc122x.o(.text))
<BR>[Address Reference Count : 1]<UL><LI> startup_lpc122x.o(RESET)
</UL>
<P><STRONG><a name="[6]"></a>WAKEUP_IRQHandler</STRONG> (Thumb, 0 bytes, Stack size 0 bytes, startup_lpc122x.o(.text))
<BR>[Address Reference Count : 1]<UL><LI> startup_lpc122x.o(RESET)
</UL>
<P><STRONG><a name="[11]"></a>WDT_IRQHandler</STRONG> (Thumb, 0 bytes, Stack size 0 bytes, startup_lpc122x.o(.text))
<BR>[Address Reference Count : 1]<UL><LI> startup_lpc122x.o(RESET)
</UL>
<P><STRONG><a name="[2a]"></a>__aeabi_uidiv</STRONG> (Thumb, 0 bytes, Stack size 12 bytes, uidiv.o(.text))
<BR><BR>[Stack]<UL><LI>Max Depth = 12<LI>Call Chain = __aeabi_uidiv
</UL>
<BR>[Called By]<UL><LI><a href="#[29]">&gt;&gt;</a>&nbsp;&nbsp;&nbsp;SystemCoreClockUpdate
<LI><a href="#[20]">&gt;&gt;</a>&nbsp;&nbsp;&nbsp;flash_program
<LI><a href="#[1f]">&gt;&gt;</a>&nbsp;&nbsp;&nbsp;flash_erase
</UL>

<P><STRONG><a name="[34]"></a>__aeabi_uidivmod</STRONG> (Thumb, 44 bytes, Stack size 12 bytes, uidiv.o(.text), UNUSED)

<P><STRONG><a name="[26]"></a>__aeabi_memset</STRONG> (Thumb, 14 bytes, Stack size 0 bytes, memseta.o(.text), UNUSED)
<BR><BR>[Called By]<UL><LI><a href="#[27]">&gt;&gt;</a>&nbsp;&nbsp;&nbsp;_memset$wrapper
<LI><a href="#[25]">&gt;&gt;</a>&nbsp;&nbsp;&nbsp;__aeabi_memclr
</UL>

<P><STRONG><a name="[35]"></a>__aeabi_memset4</STRONG> (Thumb, 0 bytes, Stack size 0 bytes, memseta.o(.text), UNUSED)

<P><STRONG><a name="[36]"></a>__aeabi_memset8</STRONG> (Thumb, 0 bytes, Stack size 0 bytes, memseta.o(.text), UNUSED)

<P><STRONG><a name="[25]"></a>__aeabi_memclr</STRONG> (Thumb, 4 bytes, Stack size 0 bytes, memseta.o(.text), UNUSED)
<BR><BR>[Calls]<UL><LI><a href="#[26]">&gt;&gt;</a>&nbsp;&nbsp;&nbsp;__aeabi_memset
</UL>

<P><STRONG><a name="[2c]"></a>__aeabi_memclr4</STRONG> (Thumb, 0 bytes, Stack size 0 bytes, memseta.o(.text))
<BR><BR>[Called By]<UL><LI><a href="#[2b]">&gt;&gt;</a>&nbsp;&nbsp;&nbsp;cacuate_crc32
</UL>

<P><STRONG><a name="[37]"></a>__aeabi_memclr8</STRONG> (Thumb, 0 bytes, Stack size 0 bytes, memseta.o(.text), UNUSED)

<P><STRONG><a name="[27]"></a>_memset$wrapper</STRONG> (Thumb, 18 bytes, Stack size 8 bytes, memseta.o(.text), UNUSED)
<BR><BR>[Calls]<UL><LI><a href="#[26]">&gt;&gt;</a>&nbsp;&nbsp;&nbsp;__aeabi_memset
</UL>

<P><STRONG><a name="[24]"></a>__scatterload</STRONG> (Thumb, 28 bytes, Stack size 0 bytes, init.o(.text))
<BR><BR>[Calls]<UL><LI><a href="#[28]">&gt;&gt;</a>&nbsp;&nbsp;&nbsp;__main_after_scatterload
</UL>
<BR>[Called By]<UL><LI><a href="#[23]">&gt;&gt;</a>&nbsp;&nbsp;&nbsp;_main_scatterload
</UL>

<P><STRONG><a name="[38]"></a>__scatterload_rt2</STRONG> (Thumb, 0 bytes, Stack size 0 bytes, init.o(.text), UNUSED)

<P><STRONG><a name="[29]"></a>SystemCoreClockUpdate</STRONG> (Thumb, 216 bytes, Stack size 16 bytes, system_lpc122x.o(.text.SystemCoreClockUpdate))
<BR><BR>[Stack]<UL><LI>Max Depth = 28<LI>Call Chain = SystemCoreClockUpdate &rArr; __aeabi_uidiv
</UL>
<BR>[Calls]<UL><LI><a href="#[2a]">&gt;&gt;</a>&nbsp;&nbsp;&nbsp;__aeabi_uidiv
</UL>
<BR>[Called By]<UL><LI><a href="#[1a]">&gt;&gt;</a>&nbsp;&nbsp;&nbsp;main
</UL>

<P><STRONG><a name="[1b]"></a>SystemInit</STRONG> (Thumb, 128 bytes, Stack size 20 bytes, system_lpc122x.o(.text.SystemInit))
<BR><BR>[Stack]<UL><LI>Max Depth = 20<LI>Call Chain = SystemInit
</UL>
<BR>[Address Reference Count : 1]<UL><LI> startup_lpc122x.o(.text)
</UL>
<P><STRONG><a name="[2d]"></a>boot_op</STRONG> (Thumb, 68 bytes, Stack size 16 bytes, boot_op.o(.text.boot_op))
<BR><BR>[Stack]<UL><LI>Max Depth = 16<LI>Call Chain = boot_op
</UL>
<BR>[Called By]<UL><LI><a href="#[1a]">&gt;&gt;</a>&nbsp;&nbsp;&nbsp;main
</UL>

<P><STRONG><a name="[2b]"></a>cacuate_crc32</STRONG> (Thumb, 124 bytes, Stack size 1056 bytes, crc32.o(.text.cacuate_crc32))
<BR><BR>[Stack]<UL><LI>Max Depth = 1056<LI>Call Chain = cacuate_crc32
</UL>
<BR>[Calls]<UL><LI><a href="#[2c]">&gt;&gt;</a>&nbsp;&nbsp;&nbsp;__aeabi_memclr4
</UL>
<BR>[Called By]<UL><LI><a href="#[20]">&gt;&gt;</a>&nbsp;&nbsp;&nbsp;flash_program
<LI><a href="#[21]">&gt;&gt;</a>&nbsp;&nbsp;&nbsp;flash_compare
</UL>

<P><STRONG><a name="[1a]"></a>main</STRONG> (Thumb, 36 bytes, Stack size 8 bytes, main.o(.text.main))
<BR><BR>[Stack]<UL><LI>Max Depth = 36<LI>Call Chain = main &rArr; SystemCoreClockUpdate &rArr; __aeabi_uidiv
</UL>
<BR>[Calls]<UL><LI><a href="#[29]">&gt;&gt;</a>&nbsp;&nbsp;&nbsp;SystemCoreClockUpdate
<LI><a href="#[2d]">&gt;&gt;</a>&nbsp;&nbsp;&nbsp;boot_op
</UL>
<BR>[Address Reference Count : 1]<UL><LI> entry9a.o(.ARM.Collect$$$$0000000B)
</UL>
<P><STRONG><a name="[39]"></a>__scatterload_copy</STRONG> (Thumb, 14 bytes, Stack size unknown bytes, handlers.o(i.__scatterload_copy), UNUSED)

<P><STRONG><a name="[3a]"></a>__scatterload_null</STRONG> (Thumb, 2 bytes, Stack size unknown bytes, handlers.o(i.__scatterload_null), UNUSED)

<P><STRONG><a name="[3b]"></a>__scatterload_zeroinit</STRONG> (Thumb, 14 bytes, Stack size unknown bytes, handlers.o(i.__scatterload_zeroinit), UNUSED)
<P>
<H3>
Local Symbols
</H3>
<P><STRONG><a name="[1e]"></a>flash_blankcheck</STRONG> (Thumb, 36 bytes, Stack size 56 bytes, flash.o(.text.flash_blankcheck))
<BR><BR>[Stack]<UL><LI>Max Depth = 56<LI>Call Chain = flash_blankcheck
</UL>
<BR>[Address Reference Count : 1]<UL><LI> flash.o(.rodata.flash_handler)
</UL>
<P><STRONG><a name="[21]"></a>flash_compare</STRONG> (Thumb, 84 bytes, Stack size 64 bytes, flash.o(.text.flash_compare))
<BR><BR>[Stack]<UL><LI>Max Depth = 1120<LI>Call Chain = flash_compare &rArr; cacuate_crc32
</UL>
<BR>[Calls]<UL><LI><a href="#[2b]">&gt;&gt;</a>&nbsp;&nbsp;&nbsp;cacuate_crc32
</UL>
<BR>[Address Reference Count : 1]<UL><LI> flash.o(.rodata.flash_handler)
</UL>
<P><STRONG><a name="[1f]"></a>flash_erase</STRONG> (Thumb, 76 bytes, Stack size 72 bytes, flash.o(.text.flash_erase))
<BR><BR>[Stack]<UL><LI>Max Depth = 84<LI>Call Chain = flash_erase &rArr; __aeabi_uidiv
</UL>
<BR>[Calls]<UL><LI><a href="#[2a]">&gt;&gt;</a>&nbsp;&nbsp;&nbsp;__aeabi_uidiv
</UL>
<BR>[Address Reference Count : 1]<UL><LI> flash.o(.rodata.flash_handler)
</UL>
<P><STRONG><a name="[1d]"></a>flash_idcheck</STRONG> (Thumb, 48 bytes, Stack size 56 bytes, flash.o(.text.flash_idcheck))
<BR><BR>[Stack]<UL><LI>Max Depth = 56<LI>Call Chain = flash_idcheck
</UL>
<BR>[Address Reference Count : 1]<UL><LI> flash.o(.rodata.flash_handler)
</UL>
<P><STRONG><a name="[20]"></a>flash_program</STRONG> (Thumb, 144 bytes, Stack size 80 bytes, flash.o(.text.flash_program))
<BR><BR>[Stack]<UL><LI>Max Depth = 1136<LI>Call Chain = flash_program &rArr; cacuate_crc32
</UL>
<BR>[Calls]<UL><LI><a href="#[2a]">&gt;&gt;</a>&nbsp;&nbsp;&nbsp;__aeabi_uidiv
<LI><a href="#[2b]">&gt;&gt;</a>&nbsp;&nbsp;&nbsp;cacuate_crc32
</UL>
<BR>[Address Reference Count : 1]<UL><LI> flash.o(.rodata.flash_handler)
</UL>
<P><STRONG><a name="[22]"></a>flash_secure</STRONG> (Thumb, 4 bytes, Stack size 0 bytes, flash.o(.text.flash_secure))
<BR>[Address Reference Count : 1]<UL><LI> flash.o(.rodata.flash_handler)
</UL><P>
<H3>
Undefined Global Symbols
</H3><HR></body></html>
