Component: ARM Compiler 6.6 Tool: armlink [5c77f400]

==============================================================================

Section Cross References

    boot_op.o(.text.boot_op) refers to flash.o(.rodata.flash_handler) for flash_handler
    boot_op.o(.ARM.exidx.text.boot_op) refers to boot_op.o(.text.boot_op) for [Anonymous Symbol]
    crc32.o(.text.cacuate_crc32) refers to memseta.o(.text) for __aeabi_memclr4
    crc32.o(.ARM.exidx.text.cacuate_crc32) refers to crc32.o(.text.cacuate_crc32) for [Anonymous Symbol]
    flash.o(.ARM.exidx.text.flash_idcheck) refers to flash.o(.text.flash_idcheck) for [Anonymous Symbol]
    flash.o(.ARM.exidx.text.flash_blankcheck) refers to flash.o(.text.flash_blankcheck) for [Anonymous Symbol]
    flash.o(.text.flash_erase) refers to uidiv.o(.text) for __aeabi_uidiv
    flash.o(.text.flash_erase) refers to system_lpc122x.o(.data.SystemCoreClock) for SystemCoreClock
    flash.o(.ARM.exidx.text.flash_erase) refers to flash.o(.text.flash_erase) for [Anonymous Symbol]
    flash.o(.text.flash_program) refers to uidiv.o(.text) for __aeabi_uidiv
    flash.o(.text.flash_program) refers to crc32.o(.text.cacuate_crc32) for cacuate_crc32
    flash.o(.text.flash_program) refers to system_lpc122x.o(.data.SystemCoreClock) for SystemCoreClock
    flash.o(.ARM.exidx.text.flash_program) refers to flash.o(.text.flash_program) for [Anonymous Symbol]
    flash.o(.text.flash_compare) refers to crc32.o(.text.cacuate_crc32) for cacuate_crc32
    flash.o(.ARM.exidx.text.flash_compare) refers to flash.o(.text.flash_compare) for [Anonymous Symbol]
    flash.o(.ARM.exidx.text.flash_secure) refers to flash.o(.text.flash_secure) for [Anonymous Symbol]
    flash.o(.rodata.flash_handler) refers to flash.o(.text.flash_idcheck) for flash_idcheck
    flash.o(.rodata.flash_handler) refers to flash.o(.text.flash_blankcheck) for flash_blankcheck
    flash.o(.rodata.flash_handler) refers to flash.o(.text.flash_erase) for flash_erase
    flash.o(.rodata.flash_handler) refers to flash.o(.text.flash_program) for flash_program
    flash.o(.rodata.flash_handler) refers to flash.o(.text.flash_compare) for flash_compare
    flash.o(.rodata.flash_handler) refers to flash.o(.text.flash_secure) for flash_secure
    main.o(.text.main) refers to system_lpc122x.o(.text.SystemCoreClockUpdate) for SystemCoreClockUpdate
    main.o(.text.main) refers to boot_op.o(.text.boot_op) for boot_op
    main.o(.ARM.exidx.text.main) refers to main.o(.text.main) for [Anonymous Symbol]
    startup_lpc122x.o(RESET) refers to startup_lpc122x.o(STACK) for __initial_sp
    startup_lpc122x.o(RESET) refers to startup_lpc122x.o(.text) for Reset_Handler
    startup_lpc122x.o(.text) refers to system_lpc122x.o(.text.SystemInit) for SystemInit
    startup_lpc122x.o(.text) refers to entry.o(.ARM.Collect$$$$00000000) for __main
    system_lpc122x.o(.text.SystemCoreClockUpdate) refers to uidiv.o(.text) for __aeabi_uidiv
    system_lpc122x.o(.text.SystemCoreClockUpdate) refers to system_lpc122x.o(.data.SystemCoreClock) for SystemCoreClock
    system_lpc122x.o(.ARM.exidx.text.SystemCoreClockUpdate) refers to system_lpc122x.o(.text.SystemCoreClockUpdate) for [Anonymous Symbol]
    system_lpc122x.o(.ARM.exidx.text.SystemInit) refers to system_lpc122x.o(.text.SystemInit) for [Anonymous Symbol]
    entry.o(.ARM.Collect$$$$00000000) refers (Special) to entry10a.o(.ARM.Collect$$$$0000000D) for __rt_final_cpp
    entry.o(.ARM.Collect$$$$00000000) refers (Special) to entry11a.o(.ARM.Collect$$$$0000000F) for __rt_final_exit
    entry.o(.ARM.Collect$$$$00000000) refers (Special) to entry7b.o(.ARM.Collect$$$$00000008) for _main_clock
    entry.o(.ARM.Collect$$$$00000000) refers (Special) to entry8b.o(.ARM.Collect$$$$0000000A) for _main_cpp_init
    entry.o(.ARM.Collect$$$$00000000) refers (Special) to entry9a.o(.ARM.Collect$$$$0000000B) for _main_init
    entry.o(.ARM.Collect$$$$00000000) refers (Special) to entry5.o(.ARM.Collect$$$$00000004) for _main_scatterload
    entry.o(.ARM.Collect$$$$00000000) refers (Special) to entry2.o(.ARM.Collect$$$$00000001) for _main_stk
    entry2.o(.ARM.Collect$$$$00000001) refers to entry2.o(.ARM.Collect$$$$00002712) for __lit__00000000
    entry2.o(.ARM.Collect$$$$00002712) refers to startup_lpc122x.o(STACK) for __initial_sp
    entry2.o(__vectab_stack_and_reset_area) refers to startup_lpc122x.o(STACK) for __initial_sp
    entry2.o(__vectab_stack_and_reset_area) refers to entry.o(.ARM.Collect$$$$00000000) for __main
    entry5.o(.ARM.Collect$$$$00000004) refers to init.o(.text) for __scatterload
    entry9a.o(.ARM.Collect$$$$0000000B) refers to main.o(.text.main) for main
    entry9b.o(.ARM.Collect$$$$0000000C) refers to main.o(.text.main) for main
    init.o(.text) refers to entry5.o(.ARM.Collect$$$$00000004) for __main_after_scatterload


==============================================================================

Removing Unused input sections from the image.

    Removing boot_op.o(.text), (0 bytes).
    Removing boot_op.o(.ARM.exidx.text.boot_op), (8 bytes).
    Removing crc32.o(.text), (0 bytes).
    Removing crc32.o(.ARM.exidx.text.cacuate_crc32), (8 bytes).
    Removing flash.o(.text), (0 bytes).
    Removing flash.o(.ARM.exidx.text.flash_idcheck), (8 bytes).
    Removing flash.o(.ARM.exidx.text.flash_blankcheck), (8 bytes).
    Removing flash.o(.ARM.exidx.text.flash_erase), (8 bytes).
    Removing flash.o(.ARM.exidx.text.flash_program), (8 bytes).
    Removing flash.o(.ARM.exidx.text.flash_compare), (8 bytes).
    Removing flash.o(.ARM.exidx.text.flash_secure), (8 bytes).
    Removing main.o(.text), (0 bytes).
    Removing main.o(.ARM.exidx.text.main), (8 bytes).
    Removing main.o(.ARM.use_no_argv), (4 bytes).
    Removing startup_lpc122x.o(HEAP), (0 bytes).
    Removing system_lpc122x.o(.text), (0 bytes).
    Removing system_lpc122x.o(.ARM.exidx.text.SystemCoreClockUpdate), (8 bytes).
    Removing system_lpc122x.o(.ARM.exidx.text.SystemInit), (8 bytes).

18 unused section(s) (total 92 bytes) removed from the image.

==============================================================================

Image Symbol Table

    Local Symbols

    Symbol Name                              Value     Ov Type        Size  Object(Section)

    ../clib/microlib/division.c              0x00000000   Number         0  uidiv.o ABSOLUTE
    ../clib/microlib/init/entry.s            0x00000000   Number         0  entry11b.o ABSOLUTE
    ../clib/microlib/init/entry.s            0x00000000   Number         0  entry10b.o ABSOLUTE
    ../clib/microlib/init/entry.s            0x00000000   Number         0  entry10a.o ABSOLUTE
    ../clib/microlib/init/entry.s            0x00000000   Number         0  entry11a.o ABSOLUTE
    ../clib/microlib/init/entry.s            0x00000000   Number         0  entry9b.o ABSOLUTE
    ../clib/microlib/init/entry.s            0x00000000   Number         0  entry2.o ABSOLUTE
    ../clib/microlib/init/entry.s            0x00000000   Number         0  entry9a.o ABSOLUTE
    ../clib/microlib/init/entry.s            0x00000000   Number         0  entry8b.o ABSOLUTE
    ../clib/microlib/init/entry.s            0x00000000   Number         0  entry8a.o ABSOLUTE
    ../clib/microlib/init/entry.s            0x00000000   Number         0  entry5.o ABSOLUTE
    ../clib/microlib/init/entry.s            0x00000000   Number         0  entry7b.o ABSOLUTE
    ../clib/microlib/init/entry.s            0x00000000   Number         0  entry7a.o ABSOLUTE
    ../clib/microlib/init/entry.s            0x00000000   Number         0  entry.o ABSOLUTE
    ../clib/microlib/string/memset.c         0x00000000   Number         0  memseta.o ABSOLUTE
    RTE/Device/LPC1227FBD64_301/system_LPC122x.c 0x00000000   Number         0  system_lpc122x.o ABSOLUTE
    RTE\Device\LPC1227FBD64_301\startup_LPC122x.s 0x00000000   Number         0  startup_lpc122x.o ABSOLUTE
    Source/boot_op.c                         0x00000000   Number         0  boot_op.o ABSOLUTE
    Source/crc32.c                           0x00000000   Number         0  crc32.o ABSOLUTE
    Source/flash.c                           0x00000000   Number         0  flash.o ABSOLUTE
    Source/main.c                            0x00000000   Number         0  main.o ABSOLUTE
    dc.s                                     0x00000000   Number         0  dc.o ABSOLUTE
    handlers.s                               0x00000000   Number         0  handlers.o ABSOLUTE
    init.s                                   0x00000000   Number         0  init.o ABSOLUTE
    RESET                                    0x10000100   Section      188  startup_lpc122x.o(RESET)
    .ARM.Collect$$$$00000000                 0x100001bc   Section        0  entry.o(.ARM.Collect$$$$00000000)
    .ARM.Collect$$$$00000001                 0x100001bc   Section        4  entry2.o(.ARM.Collect$$$$00000001)
    .ARM.Collect$$$$00000004                 0x100001c0   Section        4  entry5.o(.ARM.Collect$$$$00000004)
    .ARM.Collect$$$$00000008                 0x100001c4   Section        0  entry7b.o(.ARM.Collect$$$$00000008)
    .ARM.Collect$$$$0000000A                 0x100001c4   Section        0  entry8b.o(.ARM.Collect$$$$0000000A)
    .ARM.Collect$$$$0000000B                 0x100001c4   Section        8  entry9a.o(.ARM.Collect$$$$0000000B)
    .ARM.Collect$$$$0000000D                 0x100001cc   Section        0  entry10a.o(.ARM.Collect$$$$0000000D)
    .ARM.Collect$$$$0000000F                 0x100001cc   Section        0  entry11a.o(.ARM.Collect$$$$0000000F)
    .ARM.Collect$$$$00002712                 0x100001cc   Section        4  entry2.o(.ARM.Collect$$$$00002712)
    __lit__00000000                          0x100001cc   Data           4  entry2.o(.ARM.Collect$$$$00002712)
    .text                                    0x100001d0   Section       28  startup_lpc122x.o(.text)
    .text                                    0x100001ec   Section        0  uidiv.o(.text)
    .text                                    0x10000218   Section        0  memseta.o(.text)
    .text                                    0x1000023c   Section       36  init.o(.text)
    [Anonymous Symbol]                       0x10000260   Section        0  system_lpc122x.o(.text.SystemCoreClockUpdate)
    __arm_cp.0_0                             0x100002dc   Number         4  system_lpc122x.o(.text.SystemCoreClockUpdate)
    __arm_cp.0_2                             0x10000320   Number         4  system_lpc122x.o(.text.SystemCoreClockUpdate)
    [Anonymous Symbol]                       0x10000334   Section        0  system_lpc122x.o(.text.SystemInit)
    __arm_cp.1_0                             0x100003a8   Number         4  system_lpc122x.o(.text.SystemInit)
    __arm_cp.1_1                             0x100003ac   Number         4  system_lpc122x.o(.text.SystemInit)
    __arm_cp.1_2                             0x100003b0   Number         4  system_lpc122x.o(.text.SystemInit)
    [Anonymous Symbol]                       0x100003b4   Section        0  boot_op.o(.text.boot_op)
    __arm_cp.0_0                             0x100003f4   Number         4  boot_op.o(.text.boot_op)
    [Anonymous Symbol]                       0x100003f8   Section        0  crc32.o(.text.cacuate_crc32)
    __arm_cp.0_0                             0x10000470   Number         4  crc32.o(.text.cacuate_crc32)
    [Anonymous Symbol]                       0x10000474   Section        0  flash.o(.text.flash_blankcheck)
    flash_blankcheck                         0x10000475   Thumb Code    36  flash.o(.text.flash_blankcheck)
    [Anonymous Symbol]                       0x10000494   Section        0  flash.o(.text.flash_compare)
    flash_compare                            0x10000495   Thumb Code    84  flash.o(.text.flash_compare)
    [Anonymous Symbol]                       0x100004e4   Section        0  flash.o(.text.flash_erase)
    flash_erase                              0x100004e5   Thumb Code    76  flash.o(.text.flash_erase)
    [Anonymous Symbol]                       0x10000528   Section        0  flash.o(.text.flash_idcheck)
    flash_idcheck                            0x10000529   Thumb Code    48  flash.o(.text.flash_idcheck)
    [Anonymous Symbol]                       0x10000554   Section        0  flash.o(.text.flash_program)
    flash_program                            0x10000555   Thumb Code   144  flash.o(.text.flash_program)
    __arm_cp.3_0                             0x100005dc   Number         4  flash.o(.text.flash_program)
    __arm_cp.3_1                             0x100005e0   Number         4  flash.o(.text.flash_program)
    [Anonymous Symbol]                       0x100005e4   Section        0  flash.o(.text.flash_secure)
    flash_secure                             0x100005e5   Thumb Code     4  flash.o(.text.flash_secure)
    [Anonymous Symbol]                       0x100005e8   Section        0  main.o(.text.main)
    __arm_cp.0_0                             0x10000604   Number         4  main.o(.text.main)
    __arm_cp.0_1                             0x10000608   Number         4  main.o(.text.main)
    i.__scatterload_copy                     0x1000060c   Section       14  handlers.o(i.__scatterload_copy)
    i.__scatterload_null                     0x1000061a   Section        2  handlers.o(i.__scatterload_null)
    i.__scatterload_zeroinit                 0x1000061c   Section       14  handlers.o(i.__scatterload_zeroinit)
    STACK                                    0x10001108   Section     1536  startup_lpc122x.o(STACK)

    Global Symbols

    Symbol Name                              Value     Ov Type        Size  Object(Section)

    BuildAttributes$$THM_ISAv3M$S$PE$A:L22$X:L11$S22$IEEE1$IW$~IW$USESV6$~STKCKD$USESV7$~SHL$OSPACE$EBA8$MICROLIB$REQ8$PRES8$EABIv2 0x00000000   Number         0  anon$$obj.o ABSOLUTE
    __cpp_initialize__aeabi_                  - Undefined Weak Reference
    __cxa_finalize                            - Undefined Weak Reference
    __decompress                              - Undefined Weak Reference
    _clock_init                               - Undefined Weak Reference
    _microlib_exit                            - Undefined Weak Reference
    __Vectors                                0x10000100   Data           4  startup_lpc122x.o(RESET)
    __main                                   0x100001bd   Thumb Code     0  entry.o(.ARM.Collect$$$$00000000)
    _main_stk                                0x100001bd   Thumb Code     0  entry2.o(.ARM.Collect$$$$00000001)
    _main_scatterload                        0x100001c1   Thumb Code     0  entry5.o(.ARM.Collect$$$$00000004)
    __main_after_scatterload                 0x100001c5   Thumb Code     0  entry5.o(.ARM.Collect$$$$00000004)
    _main_clock                              0x100001c5   Thumb Code     0  entry7b.o(.ARM.Collect$$$$00000008)
    _main_cpp_init                           0x100001c5   Thumb Code     0  entry8b.o(.ARM.Collect$$$$0000000A)
    _main_init                               0x100001c5   Thumb Code     0  entry9a.o(.ARM.Collect$$$$0000000B)
    __rt_final_cpp                           0x100001cd   Thumb Code     0  entry10a.o(.ARM.Collect$$$$0000000D)
    __rt_final_exit                          0x100001cd   Thumb Code     0  entry11a.o(.ARM.Collect$$$$0000000F)
    Reset_Handler                            0x100001d1   Thumb Code     8  startup_lpc122x.o(.text)
    NMI_Handler                              0x100001d9   Thumb Code     2  startup_lpc122x.o(.text)
    HardFault_Handler                        0x100001db   Thumb Code     2  startup_lpc122x.o(.text)
    SVC_Handler                              0x100001dd   Thumb Code     2  startup_lpc122x.o(.text)
    PendSV_Handler                           0x100001df   Thumb Code     2  startup_lpc122x.o(.text)
    SysTick_Handler                          0x100001e1   Thumb Code     2  startup_lpc122x.o(.text)
    ADC_IRQHandler                           0x100001e3   Thumb Code     0  startup_lpc122x.o(.text)
    BOD_IRQHandler                           0x100001e3   Thumb Code     0  startup_lpc122x.o(.text)
    COMP_IRQHandler                          0x100001e3   Thumb Code     0  startup_lpc122x.o(.text)
    DMA_IRQHandler                           0x100001e3   Thumb Code     0  startup_lpc122x.o(.text)
    FMC_IRQHandler                           0x100001e3   Thumb Code     0  startup_lpc122x.o(.text)
    I2C_IRQHandler                           0x100001e3   Thumb Code     0  startup_lpc122x.o(.text)
    PIOINT0_IRQHandler                       0x100001e3   Thumb Code     0  startup_lpc122x.o(.text)
    PIOINT1_IRQHandler                       0x100001e3   Thumb Code     0  startup_lpc122x.o(.text)
    PIOINT2_IRQHandler                       0x100001e3   Thumb Code     0  startup_lpc122x.o(.text)
    PMU_IRQHandler                           0x100001e3   Thumb Code     0  startup_lpc122x.o(.text)
    RTC_IRQHandler                           0x100001e3   Thumb Code     0  startup_lpc122x.o(.text)
    SSP_IRQHandler                           0x100001e3   Thumb Code     0  startup_lpc122x.o(.text)
    TIMER16_0_IRQHandler                     0x100001e3   Thumb Code     0  startup_lpc122x.o(.text)
    TIMER16_1_IRQHandler                     0x100001e3   Thumb Code     0  startup_lpc122x.o(.text)
    TIMER32_0_IRQHandler                     0x100001e3   Thumb Code     0  startup_lpc122x.o(.text)
    TIMER32_1_IRQHandler                     0x100001e3   Thumb Code     0  startup_lpc122x.o(.text)
    UART0_IRQHandler                         0x100001e3   Thumb Code     0  startup_lpc122x.o(.text)
    UART1_IRQHandler                         0x100001e3   Thumb Code     0  startup_lpc122x.o(.text)
    WAKEUP_IRQHandler                        0x100001e3   Thumb Code     0  startup_lpc122x.o(.text)
    WDT_IRQHandler                           0x100001e3   Thumb Code     0  startup_lpc122x.o(.text)
    __aeabi_uidiv                            0x100001ed   Thumb Code     0  uidiv.o(.text)
    __aeabi_uidivmod                         0x100001ed   Thumb Code    44  uidiv.o(.text)
    __aeabi_memset                           0x10000219   Thumb Code    14  memseta.o(.text)
    __aeabi_memset4                          0x10000219   Thumb Code     0  memseta.o(.text)
    __aeabi_memset8                          0x10000219   Thumb Code     0  memseta.o(.text)
    __aeabi_memclr                           0x10000227   Thumb Code     4  memseta.o(.text)
    __aeabi_memclr4                          0x10000227   Thumb Code     0  memseta.o(.text)
    __aeabi_memclr8                          0x10000227   Thumb Code     0  memseta.o(.text)
    _memset$wrapper                          0x1000022b   Thumb Code    18  memseta.o(.text)
    __scatterload                            0x1000023d   Thumb Code    28  init.o(.text)
    __scatterload_rt2                        0x1000023d   Thumb Code     0  init.o(.text)
    SystemCoreClockUpdate                    0x10000261   Thumb Code   216  system_lpc122x.o(.text.SystemCoreClockUpdate)
    SystemInit                               0x10000335   Thumb Code   128  system_lpc122x.o(.text.SystemInit)
    boot_op                                  0x100003b5   Thumb Code    68  boot_op.o(.text.boot_op)
    cacuate_crc32                            0x100003f9   Thumb Code   124  crc32.o(.text.cacuate_crc32)
    main                                     0x100005e9   Thumb Code    36  main.o(.text.main)
    __scatterload_copy                       0x1000060d   Thumb Code    14  handlers.o(i.__scatterload_copy)
    __scatterload_null                       0x1000061b   Thumb Code     2  handlers.o(i.__scatterload_null)
    __scatterload_zeroinit                   0x1000061d   Thumb Code    14  handlers.o(i.__scatterload_zeroinit)
    flash_handler                            0x1000062c   Data          28  flash.o(.rodata.flash_handler)
    Region$$Table$$Base                      0x10000648   Number         0  anon$$obj.o(Region$$Table)
    Region$$Table$$Limit                     0x10000668   Number         0  anon$$obj.o(Region$$Table)
    SystemCoreClock                          0x10001100   Data           4  system_lpc122x.o(.data.SystemCoreClock)
    __initial_sp                             0x10001708   Data           0  startup_lpc122x.o(STACK)



==============================================================================

Memory Map of the image

  Image Entry point : 0x100001bd

  Load Region LR_IROM1 (Base: 0x10000100, Size: 0x00000570, Max: 0x00001000, ABSOLUTE)

    Execution Region ER_IROM1 (Base: 0x10000100, Size: 0x00000568, Max: 0x00001000, ABSOLUTE)

    Base Addr    Size         Type   Attr      Idx    E Section Name        Object

    0x10000100   0x000000bc   Data   RO           67    RESET               startup_lpc122x.o
    0x100001bc   0x00000000   Code   RO           90  * .ARM.Collect$$$$00000000  mc_p.l(entry.o)
    0x100001bc   0x00000004   Code   RO           97    .ARM.Collect$$$$00000001  mc_p.l(entry2.o)
    0x100001c0   0x00000004   Code   RO          100    .ARM.Collect$$$$00000004  mc_p.l(entry5.o)
    0x100001c4   0x00000000   Code   RO          102    .ARM.Collect$$$$00000008  mc_p.l(entry7b.o)
    0x100001c4   0x00000000   Code   RO          104    .ARM.Collect$$$$0000000A  mc_p.l(entry8b.o)
    0x100001c4   0x00000008   Code   RO          105    .ARM.Collect$$$$0000000B  mc_p.l(entry9a.o)
    0x100001cc   0x00000000   Code   RO          107    .ARM.Collect$$$$0000000D  mc_p.l(entry10a.o)
    0x100001cc   0x00000000   Code   RO          109    .ARM.Collect$$$$0000000F  mc_p.l(entry11a.o)
    0x100001cc   0x00000004   Code   RO           98    .ARM.Collect$$$$00002712  mc_p.l(entry2.o)
    0x100001d0   0x0000001c   Code   RO           68    .text               startup_lpc122x.o
    0x100001ec   0x0000002c   Code   RO           93    .text               mc_p.l(uidiv.o)
    0x10000218   0x00000024   Code   RO           95    .text               mc_p.l(memseta.o)
    0x1000023c   0x00000024   Code   RO          111    .text               mc_p.l(init.o)
    0x10000260   0x000000d4   Code   RO           75    .text.SystemCoreClockUpdate  system_lpc122x.o
    0x10000334   0x00000080   Code   RO           77    .text.SystemInit    system_lpc122x.o
    0x100003b4   0x00000044   Code   RO            2    .text.boot_op       boot_op.o
    0x100003f8   0x0000007c   Code   RO           15    .text.cacuate_crc32  crc32.o
    0x10000474   0x00000020   Code   RO           30    .text.flash_blankcheck  flash.o
    0x10000494   0x00000050   Code   RO           36    .text.flash_compare  flash.o
    0x100004e4   0x00000044   Code   RO           32    .text.flash_erase   flash.o
    0x10000528   0x0000002c   Code   RO           28    .text.flash_idcheck  flash.o
    0x10000554   0x00000090   Code   RO           34    .text.flash_program  flash.o
    0x100005e4   0x00000004   Code   RO           38    .text.flash_secure  flash.o
    0x100005e8   0x00000024   Code   RO           52    .text.main          main.o
    0x1000060c   0x0000000e   Code   RO          115    i.__scatterload_copy  mc_p.l(handlers.o)
    0x1000061a   0x00000002   Code   RO          116    i.__scatterload_null  mc_p.l(handlers.o)
    0x1000061c   0x0000000e   Code   RO          117    i.__scatterload_zeroinit  mc_p.l(handlers.o)
    0x1000062a   0x00000002   PAD
    0x1000062c   0x0000001c   Data   RO           40    .rodata.flash_handler  flash.o
    0x10000648   0x00000020   Data   RO          113    Region$$Table       anon$$obj.o


    Execution Region RW_IRAM1 (Base: 0x10001100, Size: 0x00000608, Max: 0x00000800, ABSOLUTE)

    Base Addr    Size         Type   Attr      Idx    E Section Name        Object

    0x10001100   0x00000004   Data   RW           79    .data.SystemCoreClock  system_lpc122x.o
    0x10001104   0x00000004   PAD
    0x10001108   0x00000600   Zero   RW           65    STACK               startup_lpc122x.o


==============================================================================

Image component sizes


      Code (inc. data)   RO Data    RW Data    ZI Data      Debug   Object Name

        68          4          0          0          0       1732   boot_op.o
       124          4          0          0          0       1075   crc32.o
       372          8         28          0          0       5657   flash.o
        36          8          0          0          0       2920   main.o
        28          8        188          0       1536        628   startup_lpc122x.o
       340        100          0          4          0       3249   system_lpc122x.o

    ----------------------------------------------------------------------
       968        132        248          4       1540      15261   Object Totals
         0          0         32          0          0          0   (incl. Generated)
         0          0          0          0          4          0   (incl. Padding)

    ----------------------------------------------------------------------

      Code (inc. data)   RO Data    RW Data    ZI Data      Debug   Library Member Name

         0          0          0          0          0          0   entry.o
         0          0          0          0          0          0   entry10a.o
         0          0          0          0          0          0   entry11a.o
         8          4          0          0          0          0   entry2.o
         4          0          0          0          0          0   entry5.o
         0          0          0          0          0          0   entry7b.o
         0          0          0          0          0          0   entry8b.o
         8          4          0          0          0          0   entry9a.o
        30          0          0          0          0          0   handlers.o
        36          8          0          0          0         68   init.o
        36          0          0          0          0        100   memseta.o
        44          0          0          0          0         72   uidiv.o

    ----------------------------------------------------------------------
       168         16          0          0          0        240   Library Totals
         2          0          0          0          0          0   (incl. Padding)

    ----------------------------------------------------------------------

      Code (inc. data)   RO Data    RW Data    ZI Data      Debug   Library Name

       166         16          0          0          0        240   mc_p.l

    ----------------------------------------------------------------------
       168         16          0          0          0        240   Library Totals

    ----------------------------------------------------------------------

==============================================================================


      Code (inc. data)   RO Data    RW Data    ZI Data      Debug   

      1136        148        248          4       1540      15545   Grand Totals
      1136        148        248          4       1540      15545   ELF Image Totals
      1136        148        248          4          0          0   ROM Totals

==============================================================================

    Total RO  Size (Code + RO Data)                 1384 (   1.35kB)
    Total RW  Size (RW Data + ZI Data)              1544 (   1.51kB)
    Total ROM Size (Code + RO Data + RW Data)       1388 (   1.36kB)

==============================================================================

